2026-09-24 10:15:23,217 - INFO - BreachCheck v1.0 startup...
2026-09-24 10:15:23,217 - DEBUG - Starting regex check on line 1...
2026-09-24 10:15:23,217 - DEBUG - Starting regex check on line 2...
2026-09-24 10:15:23,217 - DEBUG - Starting regex check on line 3...
2026-09-24 10:15:23,217 - DEBUG - Starting regex check on line 4...
2026-09-24 10:15:23,217 - INFO - Processing file... 2 valid entries
2026-09-24 10:46:30,356 - INFO - BreachCheck v1.0 startup...
2026-09-24 10:46:30,357 - DEBUG - Starting regex check on line 1...
2026-09-24 10:46:30,357 - DEBUG - Line 1: policy check -> WEAK
2026-09-24 10:46:30,357 - WARNING - Line 1: weak password detected for aaaaa@aa.aa
2026-09-24 10:46:30,357 - DEBUG - Starting regex check on line 2...
2026-09-24 10:46:30,357 - DEBUG - Line 2: policy check -> WEAK
2026-09-24 10:46:30,357 - WARNING - Line 2: weak password detected for bbb@bb.bb
2026-09-24 10:46:30,357 - DEBUG - Starting regex check on line 3...
2026-09-24 10:46:30,357 - DEBUG - Starting regex check on line 4...
2026-09-24 10:46:30,357 - INFO - Processing file... 2 valid entries
2026-09-24 10:46:45,840 - INFO - BreachCheck v1.0 startup...
2026-09-24 10:46:45,841 - DEBUG - Starting regex check on line 1...
2026-09-24 10:46:45,841 - DEBUG - Line 1: policy check -> COMPLIANT
2026-09-24 10:46:45,841 - DEBUG - Starting regex check on line 2...
2026-09-24 10:46:45,841 - DEBUG - Line 2: policy check -> WEAK
2026-09-24 10:46:45,841 - WARNING - Line 2: weak password detected for bbb@bb.bb
2026-09-24 10:46:45,841 - DEBUG - Starting regex check on line 3...
2026-09-24 10:46:45,841 - DEBUG - Starting regex check on line 4...
2026-09-24 10:46:45,841 - INFO - Processing file... 2 valid entries
